c:\users\bdunl\desktop\git\balance-tree\patientdiagnosis\project2-startercode\x64\debug\vc143.pdb
c:\users\bdunl\desktop\git\balance-tree\patientdiagnosis\project2-startercode\x64\debug\vc143.idb
c:\users\bdunl\desktop\git\balance-tree\patientdiagnosis\project2-startercode\x64\debug\main.obj
c:\users\bdunl\desktop\git\balance-tree\patientdiagnosis\x64\debug\project2.exe
c:\users\bdunl\desktop\git\balance-tree\patientdiagnosis\x64\debug\project2.pdb
c:\users\bdunl\desktop\git\balance-tree\patientdiagnosis\project2-startercode\x64\debug\project2.ilk
c:\users\bdunl\desktop\patientdiagnosis\project2-startercode\x64\debug\main.obj
c:\users\bdunl\desktop\patientdiagnosis\project2-startercode\x64\debug\project2.ilk
c:\users\bdunl\desktop\patientdiagnosis\project2-startercode\x64\debug\vc143.idb
c:\users\bdunl\desktop\patientdiagnosis\project2-startercode\x64\debug\vc143.pdb
c:\users\bdunl\desktop\patientdiagnosis\x64\debug\project2.pdb
c:\users\bdunl\desktop\patientdiagnosis\x64\debug\project2.exe
c:\users\bdunl\desktop\patientdiagnosis\project2-startercode\x64\debug\project2.tlog\cl.command.1.tlog
c:\users\bdunl\desktop\patientdiagnosis\project2-startercode\x64\debug\project2.tlog\cl.items.tlog
c:\users\bdunl\desktop\patientdiagnosis\project2-startercode\x64\debug\project2.tlog\cl.read.1.tlog
c:\users\bdunl\desktop\patientdiagnosis\project2-startercode\x64\debug\project2.tlog\cl.write.1.tlog
c:\users\bdunl\desktop\patientdiagnosis\project2-startercode\x64\debug\project2.tlog\link.command.1.tlog
c:\users\bdunl\desktop\patientdiagnosis\project2-startercode\x64\debug\project2.tlog\link.read.1.tlog
c:\users\bdunl\desktop\patientdiagnosis\project2-startercode\x64\debug\project2.tlog\link.secondary.1.tlog
c:\users\bdunl\desktop\patientdiagnosis\project2-startercode\x64\debug\project2.tlog\link.write.1.tlog
